// Jest Snapshot v1, https://goo.gl/fbAQLP

exports[`Projects should match the snapshot 1`] = `
<section
  className="projects-outer-container"
  id="projects-section"
>
  <div
    className="all-projects-container"
  >
    <div
      className="project-container"
      key="Game On! iOS Mobile App"
    >
      <h1
        className="project-title"
      >
        Game On! iOS Mobile App
      </h1>
      <i
        className="project-techs"
      >
        React Native • React Navigator • TravisCI
      </i>
      <p
        className="project-description"
      >
        A mobile platform for connecting individuals with pickup games in their communites. Features Google Maps integration. Utilizes TravisCI for continuous inegration. Backend database built in Python with Flask. Unit tested with Jest and Enzyme.
      </p>
      <a
        href="https://github.com/Mod-4-Cross-Pol/FE_game_on"
        rel="noopener noreferrer"
        target="_blank"
      >
        <button
          className="project-button"
        >
          view repo
        </button>
      </a>
      <a
        href="https://www.youtube.com/watch?v=_E9j8tXz8e4&feature=share&fbclid=IwAR1W86DaTGrS4QtOQ0HuCzJv6_t4FWFpXdG4aa_c1_j_CG7oqXR0uHlgDYA"
        rel="noopener noreferrer"
        target="_blank"
      >
        <button
          className="project-button"
        >
          demo video
        </button>
      </a>
    </div>
    <div
      className="project-container"
      key="Mr. Simon Game"
    >
      <h1
        className="project-title"
      >
        Mr. Simon Game
      </h1>
      <i
        className="project-techs"
      >
        ReactJS • CSS • Jest • Enzyme
      </i>
      <p
        className="project-description"
      >
        A virtual recreation of the classic electronic Milton Bradley game from 1978. All game logic is built with dynamic/reusable code using React Hooks. Jest and Enzyme are used for unit testing.
      </p>
      <a
        href="https://github.com/ZaneMeroff/simon_game"
        rel="noopener noreferrer"
        target="_blank"
      >
        <button
          className="project-button"
        >
          view repo
        </button>
      </a>
      <a
        href="https://zanemeroff.github.io/simon_game/index.html"
        rel="noopener noreferrer"
        target="_blank"
      >
        <button
          className="project-button"
        >
          play game
        </button>
      </a>
    </div>
  </div>
</section>
`;
