// Jest Snapshot v1, https://goo.gl/fbAQLP

exports[`Projects should match the snapshot 1`] = `
<section
  className="projects-outer-container"
  id="projects-section"
>
  <div
    className="project-container"
    key="Score Keeper App"
  >
    <h3
      className="project-title"
    >
      Score Keeper App
    </h3>
    <i
      className="project-techs"
    >
      TypeScript, Vue.js, Vuex, Quasar, Jest
    </i>
    <p
      className="project-description"
    >
      A comprehensive mobile-first single-page application engineered with strict TypeScript implementation and comprehensive unit testing to deliver a versatile game score tracking solution. Features advanced customization capabilities including configurable score boundaries, dynamic player and team management, adaptive light/dark theming, persistent local storage, and an intuitive interface designed for seamless experiences across all devices.
    </p>
    <div
      className="project-buttons-container"
    >
      <a
        aria-label="github project repo"
        href="https://github.com/ZaneMeroff/score_keeper"
        rel="noopener noreferrer"
        tabIndex="-1"
        target="_blank"
      >
        <button
          className="project-button"
        >
          GitHub Repo
        </button>
      </a>
      <a
        aria-label="live project"
        href="http://zanemeroff.github.io/score_keeper"
        rel="noopener noreferrer"
        tabIndex="-1"
        target="_blank"
      >
        <button
          className="project-button"
        >
          Launch App
        </button>
      </a>
    </div>
  </div>
  <div
    className="project-container"
    key="Simon Game"
  >
    <h3
      className="project-title"
    >
      Simon Game
    </h3>
    <i
      className="project-techs"
    >
      React, CSS, Jest, Enzyme
    </i>
    <p
      className="project-description"
    >
      A meticulously crafted digital recreation of the iconic 1978 Milton Bradley electronic handheld game, developed as a passion project following graduation from the Turing School of Software and Design. Built with modern React Hooks architecture and comprehensive snapshot testing using Jest and Enzyme to ensure component reliability. Features full accessibility compliance with intuitive keyboard navigation, allowing complete gameplay using only tab and return keys for an inclusive user experience across all abilities.
    </p>
    <div
      className="project-buttons-container"
    >
      <a
        aria-label="github project repo"
        href="https://github.com/ZaneMeroff/simon_game"
        rel="noopener noreferrer"
        tabIndex="-1"
        target="_blank"
      >
        <button
          className="project-button"
        >
          GitHub Repo
        </button>
      </a>
      <a
        aria-label="live project"
        href="https://zanemeroff.github.io/simon_game"
        rel="noopener noreferrer"
        tabIndex="-1"
        target="_blank"
      >
        <button
          className="project-button"
        >
          Launch App
        </button>
      </a>
    </div>
  </div>
  <div
    className="project-container"
    key="Team Generator App"
  >
    <h3
      className="project-title"
    >
      Team Generator App
    </h3>
    <i
      className="project-techs"
    >
      Vue.js, Vuex, Vue Router, Jest
    </i>
    <p
      className="project-description"
    >
      A simple, mobile single-page application engineered for dynamic team assignment with intelligent randomization algorithms. Built with maintainable, reusable components following single responsibility principles and DRY methodology. Features seamless state management through Vuex integration with Vue Router for optimized navigation, backed by comprehensive Jest testing suite achieving near-complete coverage with 90 unit tests ensuring robust functionality and reliability.
    </p>
    <div
      className="project-buttons-container"
    >
      <a
        aria-label="github project repo"
        href="https://github.com/ZaneMeroff/team_gen"
        rel="noopener noreferrer"
        tabIndex="-1"
        target="_blank"
      >
        <button
          className="project-button"
        >
          GitHub Repo
        </button>
      </a>
      <a
        aria-label="live project"
        href="http://zanemeroff.github.io/team_gen"
        rel="noopener noreferrer"
        tabIndex="-1"
        target="_blank"
      >
        <button
          className="project-button"
        >
          Launch App
        </button>
      </a>
    </div>
  </div>
  <div
    className="project-container"
    key="Game On! iOS Mobile App"
  >
    <h3
      className="project-title"
    >
      Game On! iOS Mobile App
    </h3>
    <i
      className="project-techs"
    >
      React Native, Redux, TravisCI, Python
    </i>
    <p
      className="project-description"
    >
      A dynamic mobile platform engineered to connect community members with local pickup games through seamless geolocation services and Google Maps integration. Built with robust continuous integration via TravisCI and smooth navigation management using React Navigator for optimal user experience. Features a scalable Python Flask backend with comprehensive component testing using Jest and Enzyme. Successfully delivered as a collaborative team project with three developers within an intensive one-week development cycle.
    </p>
    <div
      className="project-buttons-container"
    >
      <a
        aria-label="github project repo"
        href="https://github.com/Mod-4-Cross-Pol/FE_game_on"
        rel="noopener noreferrer"
        tabIndex="-1"
        target="_blank"
      >
        <button
          className="project-button"
        >
          GitHub Repo
        </button>
      </a>
      <a
        aria-label="live project"
        href="https://www.youtube.com/watch?v=_E9j8tXz8e4&feature=share&fbclid=IwAR1W86DaTGrS4QtOQ0HuCzJv6_t4FWFpXdG4aa_c1_j_CG7oqXR0uHlgDYA"
        rel="noopener noreferrer"
        tabIndex="-1"
        target="_blank"
      >
        <button
          className="project-button"
        >
          Demo Video
        </button>
      </a>
    </div>
  </div>
  <div
    className="project-container"
    key="MTV Music Trivia App"
  >
    <h3
      className="project-title"
    >
      MTV Music Trivia App
    </h3>
    <i
      className="project-techs"
    >
      React, Redux, Router, Jest, Enzyme
    </i>
    <p
      className="project-description"
    >
      A comprehensive mobile-optimized music trivia application featuring sophisticated Redux state management architecture and dynamic React Router implementation for seamless URL routing. Engineered with rigorous testing protocols achieving 97% coverage through Jest and Enzyme, including comprehensive validation of all Redux actions and asynchronous operations with both success and error path testing across 62 test suites. Enhanced with PropTypes implementation ensuring robust type checking and component reliability throughout the application.
    </p>
    <div
      className="project-buttons-container"
    >
      <a
        aria-label="github project repo"
        href="https://github.com/ZaneMeroff/mtv_music_trivia"
        rel="noopener noreferrer"
        tabIndex="-1"
        target="_blank"
      >
        <button
          className="project-button"
        >
          GitHub Repo
        </button>
      </a>
      <a
        aria-label="live project"
        href="https://zanemeroff.github.io/mtv_music_trivia"
        rel="noopener noreferrer"
        tabIndex="-1"
        target="_blank"
      >
        <button
          className="project-button"
        >
          Launch App
        </button>
      </a>
    </div>
  </div>
</section>
`;
