// Jest Snapshot v1, https://goo.gl/fbAQLP

exports[`WorkExperience should match the snapshot 1`] = `
<section
  className="work-experience-outer-container"
  id="experience-section"
>
  <div
    className="experience-container"
  >
    <div
      className="experience-heading-box"
    >
      <div
        className="experience-heading-border"
      >
        <h3
          className="experience-heading"
        >
          Experience
        </h3>
      </div>
    </div>
    <div
      className="experience-right-container"
    >
      <div
        className="job-container"
        key="Hylio"
      >
        <p
          className="experience-title"
        >
          Hylio
        </p>
        <i
          className="experience-position"
        >
          Software Engineer (full-time, remote)
        </i>
        <i
          className="experience-time"
        >
          January 2021 - present
        </i>
        <ul
          className="description-list"
        >
          <li
            className="experience-item"
            key="Develop visually compelling, accessible, and responsive front-end applications using Vue.js with TypeScript, Quasar, and Electron"
          >
            Develop visually compelling, accessible, and responsive front-end applications using Vue.js with TypeScript, Quasar, and Electron
          </li>
          <li
            className="experience-item"
            key="Responsibly integrate AI tools and technologies to enhance development efficiency while maintaining code quality, security standards, and thorough testing practices"
          >
            Responsibly integrate AI tools and technologies to enhance development efficiency while maintaining code quality, security standards, and thorough testing practices
          </li>
          <li
            className="experience-item"
            key="Collaborate with marketing team to transform Figma wireframes into production-ready web and native applications"
          >
            Collaborate with marketing team to transform Figma wireframes into production-ready web and native applications
          </li>
          <li
            className="experience-item"
            key="Implement agile development practices including daily stand-ups, sprint planning, backlog refinement, and retrospectives"
          >
            Implement agile development practices including daily stand-ups, sprint planning, backlog refinement, and retrospectives
          </li>
          <li
            className="experience-item"
            key="Designed and deployed the Hylio Drone Configurator versions 1 & 2 as sole developer, managing full lifecycle from conception through AWS deployment using Elastic Beanstalk and CodePipelines for CI/CD with ongoing maintenance"
          >
            Designed and deployed the Hylio Drone Configurator versions 1 & 2 as sole developer, managing full lifecycle from conception through AWS deployment using Elastic Beanstalk and CodePipelines for CI/CD with ongoing maintenance
          </li>
        </ul>
      </div>
      <div
        className="job-container"
        key="B-Line Express (Porsche Club of America Parade Web App)"
      >
        <p
          className="experience-title"
        >
          B-Line Express (Porsche Club of America Parade Web App)
        </p>
        <i
          className="experience-position"
        >
          Software Engineer (contract role, remote)
        </i>
        <i
          className="experience-time"
        >
          October 2024 - June 2025
        </i>
        <ul
          className="description-list"
        >
          <li
            className="experience-item"
            key="Architected and developed a comprehensive event management platform using TypeScript, Vue3, Pinia, and Vite to streamline registration and coordination for national Porsche Club events"
          >
            Architected and developed a comprehensive event management platform using TypeScript, Vue3, Pinia, and Vite to streamline registration and coordination for national Porsche Club events
          </li>
          <li
            className="experience-item"
            key="Strategically utilized AI-powered development tools to accelerate productivity while ensuring adherence to best practices, security protocols, and comprehensive validation processes"
          >
            Strategically utilized AI-powered development tools to accelerate productivity while ensuring adherence to best practices, security protocols, and comprehensive validation processes
          </li>
          <li
            className="experience-item"
            key="Engineered responsive user interfaces and state management solutions to handle complex event workflows, participant tracking, and real-time updates"
          >
            Engineered responsive user interfaces and state management solutions to handle complex event workflows, participant tracking, and real-time updates
          </li>
          <li
            className="experience-item"
            key="Collaborated directly with the client to deliver a scalable web application serving thousands of Porsche enthusiasts nationwide, ensuring seamless event experiences and improved operational efficiency"
          >
            Collaborated directly with the client to deliver a scalable web application serving thousands of Porsche enthusiasts nationwide, ensuring seamless event experiences and improved operational efficiency
          </li>
        </ul>
      </div>
      <div
        className="job-container"
        key="B-Line Express (Porsche Club of America GloveBox Application)"
      >
        <p
          className="experience-title"
        >
          B-Line Express (Porsche Club of America GloveBox Application)
        </p>
        <i
          className="experience-position"
        >
          Software Engineer (contract role, remote)
        </i>
        <i
          className="experience-time"
        >
          June 2020 - June 2021
        </i>
        <ul
          className="description-list"
        >
          <li
            className="experience-item"
            key="Built the frontend for Porsche's GloveBox admin web application using Vue.js with Material Design"
          >
            Built the frontend for Porsche's GloveBox admin web application using Vue.js with Material Design
          </li>
          <li
            className="experience-item"
            key="Participated in full application lifecycle including conception, design, development, deployment, and iterative enhancements"
          >
            Participated in full application lifecycle including conception, design, development, deployment, and iterative enhancements
          </li>
          <li
            className="experience-item"
            key="Lead development team to deliver application on schedule and within budget parameters"
          >
            Lead development team to deliver application on schedule and within budget parameters
          </li>
        </ul>
      </div>
      <div
        className="job-container"
        key="Boom Supersonic"
      >
        <p
          className="experience-title"
        >
          Boom Supersonic
        </p>
        <i
          className="experience-position"
        >
          Software Engineer Internship
        </i>
        <i
          className="experience-time"
        >
          August 2020 - November 2020
        </i>
        <ul
          className="description-list"
        >
          <li
            className="experience-item"
            key="Implemented test-driven development practices for flight software within legacy codebase using Vue.js"
          >
            Implemented test-driven development practices for flight software within legacy codebase using Vue.js
          </li>
          <li
            className="experience-item"
            key="Developed dynamic data visualizations for TelViz flight management tool utilizing D3 JavaScript library and SVG"
          >
            Developed dynamic data visualizations for TelViz flight management tool utilizing D3 JavaScript library and SVG
          </li>
          <li
            className="experience-item"
            key="Identified and resolved critical bugs impacting user interface, functionality, and application performance"
          >
            Identified and resolved critical bugs impacting user interface, functionality, and application performance
          </li>
          <li
            className="experience-item"
            key="Established comprehensive testing infrastructure including unit, regression, and end-to-end testing coverage across entire TeCSys SPA using Jest and Cypress with CircleCI continuous integration"
          >
            Established comprehensive testing infrastructure including unit, regression, and end-to-end testing coverage across entire TeCSys SPA using Jest and Cypress with CircleCI continuous integration
          </li>
        </ul>
      </div>
      <div
        className="job-container"
        key="Adrift Tiki Bar & Restaurant"
      >
        <p
          className="experience-title"
        >
          Adrift Tiki Bar & Restaurant
        </p>
        <i
          className="experience-position"
        >
          General Manager
        </i>
        <i
          className="experience-time"
        >
          March 2016 - March 2019
        </i>
        <ul
          className="description-list"
        >
          <li
            className="experience-item"
            key="Managed comprehensive operations for $2M annual revenue hospitality establishment as sole general manager"
          >
            Managed comprehensive operations for $2M annual revenue hospitality establishment as sole general manager
          </li>
          <li
            className="experience-item"
            key="Achieved 8% reduction in annual labor costs through strategic workforce optimization and process improvements"
          >
            Achieved 8% reduction in annual labor costs through strategic workforce optimization and process improvements
          </li>
          <li
            className="experience-item"
            key="Drove 15% increase in annual gross sales through operational excellence and customer experience enhancements"
          >
            Drove 15% increase in annual gross sales through operational excellence and customer experience enhancements
          </li>
          <li
            className="experience-item"
            key="Developed and executed targeted marketing campaigns and special events to increase customer engagement and revenue"
          >
            Developed and executed targeted marketing campaigns and special events to increase customer engagement and revenue
          </li>
          <li
            className="experience-item"
            key="Established standardized operating procedures and comprehensive onboarding programs across all positions to ensure consistent service quality"
          >
            Established standardized operating procedures and comprehensive onboarding programs across all positions to ensure consistent service quality
          </li>
        </ul>
      </div>
    </div>
  </div>
  <div
    className="tech-experience-container"
    id="skills-section"
  >
    <div
      className="experience-heading-box"
    >
      <div
        className="experience-heading-border"
      >
        <h3
          className="experience-heading"
        >
          Technologies
        </h3>
      </div>
    </div>
    <div
      className="tech-skills-container"
    >
      <ul
        className="tech-skills-bullets"
      >
        <li
          className="experience-item"
          key="JavaScript"
        >
          JavaScript
        </li>
        <li
          className="experience-item"
          key="TypeScript"
        >
          TypeScript
        </li>
        <li
          className="experience-item"
          key="React"
        >
          React
        </li>
        <li
          className="experience-item"
          key="React Native"
        >
          React Native
        </li>
        <li
          className="experience-item"
          key="React Router"
        >
          React Router
        </li>
        <li
          className="experience-item"
          key="Redux"
        >
          Redux
        </li>
        <li
          className="experience-item"
          key="Vue.js"
        >
          Vue.js
        </li>
        <li
          className="experience-item"
          key="Vuex"
        >
          Vuex
        </li>
        <li
          className="experience-item"
          key="Vue Router"
        >
          Vue Router
        </li>
        <li
          className="experience-item"
          key="HTML5"
        >
          HTML5
        </li>
        <li
          className="experience-item"
          key="CSS3"
        >
          CSS3
        </li>
        <li
          className="experience-item"
          key="Node.js"
        >
          Node.js
        </li>
        <li
          className="experience-item"
          key="Express"
        >
          Express
        </li>
        <li
          className="experience-item"
          key="Electron"
        >
          Electron
        </li>
        <li
          className="experience-item"
          key="AWS"
        >
          AWS
        </li>
        <li
          className="experience-item"
          key="Elastic Beanstalk"
        >
          Elastic Beanstalk
        </li>
        <li
          className="experience-item"
          key="Figma"
        >
          Figma
        </li>
        <li
          className="experience-item"
          key="Docker"
        >
          Docker
        </li>
        <li
          className="experience-item"
          key="D3.js"
        >
          D3.js
        </li>
        <li
          className="experience-item"
          key="Photoshop"
        >
          Photoshop
        </li>
        <li
          className="experience-item"
          key="jQuery"
        >
          jQuery
        </li>
        <li
          className="experience-item"
          key="TravisCI"
        >
          TravisCI
        </li>
        <li
          className="experience-item"
          key="CircleCI"
        >
          CircleCI
        </li>
        <li
          className="experience-item"
          key="Puppeteer"
        >
          Puppeteer
        </li>
        <li
          className="experience-item"
          key="Cypress"
        >
          Cypress
        </li>
        <li
          className="experience-item"
          key="Quasar"
        >
          Quasar
        </li>
        <li
          className="experience-item"
          key="Stylus"
        >
          Stylus
        </li>
        <li
          className="experience-item"
          key="MD Bootstrap"
        >
          MD Bootstrap
        </li>
        <li
          className="experience-item"
          key="SCSS & SASS"
        >
          SCSS & SASS
        </li>
        <li
          className="experience-item"
          key="Jest & Enzyme"
        >
          Jest & Enzyme
        </li>
        <li
          className="experience-item"
          key="Mocha & Chai"
        >
          Mocha & Chai
        </li>
        <li
          className="experience-item"
          key="NPM & Yarn"
        >
          NPM & Yarn
        </li>
        <li
          className="experience-item"
          key="Git & GitHub"
        >
          Git & GitHub
        </li>
        <li
          className="experience-item"
          key="Bitbucket"
        >
          Bitbucket
        </li>
      </ul>
    </div>
  </div>
  <div
    className="experience-container"
  >
    <div
      className="experience-heading-box"
    >
      <div
        className="experience-heading-border"
      >
        <h3
          className="experience-heading"
        >
          Education
        </h3>
      </div>
    </div>
    <div
      className="experience-right-container"
    >
      <h3
        className="experience-title"
      >
        Turing School of Software & Design
      </h3>
      <i
        className="experience-position"
      >
        Graduate Front End Software Engineering Program
      </i>
      <i
        className="experience-time"
      >
        September 2019 - April 2020
      </i>
      <ul
        className="description-list"
      >
        <li
          className="experience-item"
          key="Developed 14 full-stack web applications using vanilla JavaScript, React, and React Native"
        >
          Developed 14 full-stack web applications using vanilla JavaScript, React, and React Native
        </li>
        <li
          className="experience-item"
          key="Implemented comprehensive unit testing suites for all applications"
        >
          Implemented comprehensive unit testing suites for all applications
        </li>
        <li
          className="experience-item"
          key="Collaborated on team projects in groups of four, pair programming, and independent development"
        >
          Collaborated on team projects in groups of four, pair programming, and independent development
        </li>
        <li
          className="experience-item"
          key="Mastered JavaScript fundamentals through intensive 12-week curriculum"
        >
          Mastered JavaScript fundamentals through intensive 12-week curriculum
        </li>
        <li
          className="experience-item"
          key="Completed 1,200 hours of hands-on development with front-end and back-end technologies"
        >
          Completed 1,200 hours of hands-on development with front-end and back-end technologies
        </li>
        <li
          className="experience-item"
          key="Specialized in React ecosystem with 600 hours focused on React, React Native, Router, and Redux"
        >
          Specialized in React ecosystem with 600 hours focused on React, React Native, Router, and Redux
        </li>
        <li
          className="experience-item"
          key="Provide ongoing technical mentorship and professional guidance to current students"
        >
          Provide ongoing technical mentorship and professional guidance to current students
        </li>
      </ul>
    </div>
  </div>
</section>
`;
